../Core/Src/main.c:88:6:Set_Motor_Speeds	1
../Core/Src/main.c:94:6:Set_Motor_Direction	3
../Core/Src/main.c:105:6:Stop_Motor	2
../Core/Src/main.c:112:6:Stop_Motors	2
../Core/Src/main.c:123:6:Move_Forward	3
../Core/Src/main.c:140:6:Move_Backward	3
../Core/Src/main.c:156:6:Turn_Left	4
../Core/Src/main.c:194:6:Turn_Right	4
../Core/Src/main.c:239:5:main	1
../Core/Src/main.c:274:6:SystemClock_Config	3
../Core/Src/main.c:314:13:MX_TIM3_Init	5
../Core/Src/main.c:367:13:MX_TIM4_Init	5
../Core/Src/main.c:420:13:MX_USART1_UART_Init	2
../Core/Src/main.c:453:13:MX_GPIO_Init	1
../Core/Src/main.c:491:6:HAL_UART_RxCpltCallback	8
../Core/Src/main.c:541:6:Error_Handler	1
